// Jest Snapshot v1, https://goo.gl/fbAQLP

exports[`should render ExpenseListItem correctly 1`] = `
<div>
  <h3>
    <Link
      replace={false}
      to="/edit/2"
    >
      Kaffee
    </Link>
  </h3>
  <p>
    250
     - (
    -345600000
    )
  </p>
</div>
`;
